../Core/Src/main.c:89:5:main	8	static
../Core/Src/main.c:146:6:SystemClock_Config	88	static
../Core/Src/main.c:192:13:MX_CRC_Init	8	static
../Core/Src/main.c:218:13:MX_DMA2D_Init	8	static
../Core/Src/main.c:255:13:MX_I2C3_Init	8	static
../Core/Src/main.c:303:13:MX_LTDC_Init	64	static
../Core/Src/main.c:365:13:MX_SPI5_Init	8	static
../Core/Src/main.c:403:13:MX_TIM1_Init	32	static
../Core/Src/main.c:449:13:MX_USART1_UART_Init	8	static
../Core/Src/main.c:478:13:MX_FMC_Init	40	static
../Core/Src/main.c:529:13:MX_GPIO_Init	64	static
../Core/Src/main.c:610:6:HAL_TIM_PeriodElapsedCallback	16	static
../Core/Src/main.c:659:6:Error_Handler	4	static,ignoring_inline_asm
